Archive member included to satisfy reference by file (symbol)

../src/ASF/thirdparty/wireless/services/common_hw_timer/mega/lib\libmegarfr2_lib_hw_timer.a(common_hw_timer.o)
                              src/ASF/thirdparty/wireless/avr2025_mac/source/pal/common_sw_timer/common_sw_timer.o (common_tc_read_count)
c:/program files (x86)/atmel/studio/7.0/toolchain/avr8/avr8-gnu-toolchain/bin/../lib/gcc/avr/5.4.0/../../../../avr/lib/avr6\libm.a(addsf3.o)
                              src/ASF/thirdparty/wireless/avr2025_mac/source/tal/src/tal_helper.o (__subsf3)
c:/program files (x86)/atmel/studio/7.0/toolchain/avr8/avr8-gnu-toolchain/bin/../lib/gcc/avr/5.4.0/../../../../avr/lib/avr6\libm.a(addsf3x.o)
                              c:/program files (x86)/atmel/studio/7.0/toolchain/avr8/avr8-gnu-toolchain/bin/../lib/gcc/avr/5.4.0/../../../../avr/lib/avr6\libm.a(addsf3.o) (__addsf3x)
c:/program files (x86)/atmel/studio/7.0/toolchain/avr8/avr8-gnu-toolchain/bin/../lib/gcc/avr/5.4.0/../../../../avr/lib/avr6\libm.a(cmpsf2.o)
                              src/ASF/thirdparty/wireless/avr2025_mac/source/tal/src/tal_helper.o (__ltsf2)
c:/program files (x86)/atmel/studio/7.0/toolchain/avr8/avr8-gnu-toolchain/bin/../lib/gcc/avr/5.4.0/../../../../avr/lib/avr6\libm.a(fixsfsi.o)
                              src/ASF/thirdparty/wireless/avr2025_mac/source/tal/src/tal_helper.o (__fixsfsi)
c:/program files (x86)/atmel/studio/7.0/toolchain/avr8/avr8-gnu-toolchain/bin/../lib/gcc/avr/5.4.0/../../../../avr/lib/avr6\libm.a(fixunssfsi.o)
                              src/ASF/thirdparty/wireless/avr2025_mac/source/tal/src/tal_helper.o (__fixunssfsi)
c:/program files (x86)/atmel/studio/7.0/toolchain/avr8/avr8-gnu-toolchain/bin/../lib/gcc/avr/5.4.0/../../../../avr/lib/avr6\libm.a(floatsisf.o)
                              src/ASF/thirdparty/wireless/avr2025_mac/source/tfa/atmegarfr2/src/tfa.o (__floatunsisf)
c:/program files (x86)/atmel/studio/7.0/toolchain/avr8/avr8-gnu-toolchain/bin/../lib/gcc/avr/5.4.0/../../../../avr/lib/avr6\libm.a(fp_cmp.o)
                              c:/program files (x86)/atmel/studio/7.0/toolchain/avr8/avr8-gnu-toolchain/bin/../lib/gcc/avr/5.4.0/../../../../avr/lib/avr6\libm.a(cmpsf2.o) (__fp_cmp)
c:/program files (x86)/atmel/studio/7.0/toolchain/avr8/avr8-gnu-toolchain/bin/../lib/gcc/avr/5.4.0/../../../../avr/lib/avr6\libm.a(fp_inf.o)
                              c:/program files (x86)/atmel/studio/7.0/toolchain/avr8/avr8-gnu-toolchain/bin/../lib/gcc/avr/5.4.0/../../../../avr/lib/avr6\libm.a(addsf3x.o) (__fp_inf)
c:/program files (x86)/atmel/studio/7.0/toolchain/avr8/avr8-gnu-toolchain/bin/../lib/gcc/avr/5.4.0/../../../../avr/lib/avr6\libm.a(fp_nan.o)
                              c:/program files (x86)/atmel/studio/7.0/toolchain/avr8/avr8-gnu-toolchain/bin/../lib/gcc/avr/5.4.0/../../../../avr/lib/avr6\libm.a(addsf3x.o) (__fp_nan)
c:/program files (x86)/atmel/studio/7.0/toolchain/avr8/avr8-gnu-toolchain/bin/../lib/gcc/avr/5.4.0/../../../../avr/lib/avr6\libm.a(fp_pscA.o)
                              c:/program files (x86)/atmel/studio/7.0/toolchain/avr8/avr8-gnu-toolchain/bin/../lib/gcc/avr/5.4.0/../../../../avr/lib/avr6\libm.a(addsf3x.o) (__fp_pscA)
c:/program files (x86)/atmel/studio/7.0/toolchain/avr8/avr8-gnu-toolchain/bin/../lib/gcc/avr/5.4.0/../../../../avr/lib/avr6\libm.a(fp_pscB.o)
                              c:/program files (x86)/atmel/studio/7.0/toolchain/avr8/avr8-gnu-toolchain/bin/../lib/gcc/avr/5.4.0/../../../../avr/lib/avr6\libm.a(addsf3x.o) (__fp_pscB)
c:/program files (x86)/atmel/studio/7.0/toolchain/avr8/avr8-gnu-toolchain/bin/../lib/gcc/avr/5.4.0/../../../../avr/lib/avr6\libm.a(fp_round.o)
                              c:/program files (x86)/atmel/studio/7.0/toolchain/avr8/avr8-gnu-toolchain/bin/../lib/gcc/avr/5.4.0/../../../../avr/lib/avr6\libm.a(addsf3.o) (__fp_round)
c:/program files (x86)/atmel/studio/7.0/toolchain/avr8/avr8-gnu-toolchain/bin/../lib/gcc/avr/5.4.0/../../../../avr/lib/avr6\libm.a(fp_split3.o)
                              c:/program files (x86)/atmel/studio/7.0/toolchain/avr8/avr8-gnu-toolchain/bin/../lib/gcc/avr/5.4.0/../../../../avr/lib/avr6\libm.a(addsf3x.o) (__fp_split3)
c:/program files (x86)/atmel/studio/7.0/toolchain/avr8/avr8-gnu-toolchain/bin/../lib/gcc/avr/5.4.0/../../../../avr/lib/avr6\libm.a(fp_zero.o)
                              c:/program files (x86)/atmel/studio/7.0/toolchain/avr8/avr8-gnu-toolchain/bin/../lib/gcc/avr/5.4.0/../../../../avr/lib/avr6\libm.a(addsf3x.o) (__fp_zero)
c:/program files (x86)/atmel/studio/7.0/toolchain/avr8/avr8-gnu-toolchain/bin/../lib/gcc/avr/5.4.0/../../../../avr/lib/avr6\libm.a(gesf2.o)
                              src/ASF/thirdparty/wireless/avr2025_mac/source/tal/src/tal_helper.o (__gtsf2)
c:/program files (x86)/atmel/studio/7.0/toolchain/avr8/avr8-gnu-toolchain/bin/../lib/gcc/avr/5.4.0/../../../../avr/lib/avr6\libm.a(mulsf3.o)
[...]
Memory Configuration

Name             Origin             Length             Attributes
text             0x00000000         0x00040000         xr
data             0x00800200         0x00008000         rw !x
eeprom           0x00810000         0x00002000         rw !x
fuse             0x00820000         0x00000003         rw !x
lock             0x00830000         0x00000400         rw !x
signature        0x00840000         0x00000400         rw !x
user_signatures  0x00850000         0x00000400         rw !x
*default*        0x00000000         0xffffffff

Linker script and memory map

Address of section .data set to 0x800200
LOAD C:/Program Files (x86)/Atmel/Studio/7.0/Packs/atmel/ATmega_DFP/1.6.364/gcc/dev/atmega256rfr2/avr6/crtatmega256rfr2.o
LOAD src/usr_wireless.o
LOAD src/Wireless/wireless_api.o
LOAD src/ASF/common/boards/user_board/init.o
LOAD src/ASF/common/services/clock/mega/sysclk.o
LOAD src/ASF/thirdparty/wireless/avr2025_mac/source/pal/common_sw_timer/common_sw_timer.o
LOAD src/ASF/thirdparty/wireless/avr2025_mac/source/pal/pal.o
LOAD src/ASF/thirdparty/wireless/avr2025_mac/source/resources/buffer/src/bmm.o
LOAD src/ASF/thirdparty/wireless/avr2025_mac/source/resources/queue/src/qmm.o
LOAD src/ASF/thirdparty/wireless/avr2025_mac/source/tal/atmegarfr2/src/tal.o
LOAD src/ASF/thirdparty/wireless/avr2025_mac/source/tal/atmegarfr2/src/tal_ed.o
LOAD src/ASF/thirdparty/wireless/avr2025_mac/source/tal/atmegarfr2/src/tal_init.o
LOAD src/ASF/thirdparty/wireless/avr2025_mac/source/tal/atmegarfr2/src/tal_irq_handler.o
LOAD src/ASF/thirdparty/wireless/avr2025_mac/source/tal/atmegarfr2/src/tal_pib.o
LOAD src/ASF/thirdparty/wireless/avr2025_mac/source/tal/atmegarfr2/src/tal_pwr_mgmt.o
LOAD src/ASF/thirdparty/wireless/avr2025_mac/source/tal/atmegarfr2/src/tal_rx.o
LOAD src/ASF/thirdparty/wireless/avr2025_mac/source/tal/atmegarfr2/src/tal_rx_enable.o
LOAD src/ASF/thirdparty/wireless/avr2025_mac/source/tal/atmegarfr2/src/tal_slotted_csma.o
LOAD src/ASF/thirdparty/wireless/avr2025_mac/source/tal/atmegarfr2/src/tal_tx.o
LOAD src/ASF/thirdparty/wireless/avr2025_mac/source/tal/src/tal_helper.o
LOAD src/ASF/thirdparty/wireless/avr2025_mac/source/tfa/atmegarfr2/src/tfa.o
LOAD src/ASF/thirdparty/wireless/services/common_hw_timer/mega/hw_timer.o
LOAD src/ASF/thirdparty/wireless/services/mega/drivers/tc/tc_megarf.o
LOAD src/main.o
START GROUP
LOAD ../src/ASF/thirdparty/wireless/services/common_hw_timer/mega/lib\libmegarfr2_lib_hw_timer.a
LOAD c:/program files (x86)/atmel/studio/7.0/toolchain/avr8/avr8-gnu-toolchain/bin/../lib/gcc/avr/5.4.0/../../../../avr/lib/avr6\libm.a
END GROUP
START GROUP
LOAD c:/program files (x86)/atmel/studio/7.0/toolchain/avr8/avr8-gnu-toolchain/bin/../lib/gcc/avr/5.4.0/avr6\libgcc.a
LOAD c:/program files (x86)/atmel/studio/7.0/toolchain/avr8/avr8-gnu-toolchain/bin/../lib/gcc/avr/5.4.0/../../../../avr/lib/avr6\libm.a
LOAD c:/program files (x86)/atmel/studio/7.0/toolchain/avr8/avr8-gnu-toolchain/bin/../lib/gcc/avr/5.4.0/../../../../avr/lib/avr6\libc.a
LOAD C:/Program Files (x86)/Atmel/Studio/7.0/Packs/atmel/ATmega_DFP/1.6.364/gcc/dev/atmega256rfr2/avr6\libatmega256rfr2.a
END GROUP
                [0x00000000]                __TEXT_REGION_ORIGIN__ = DEFINED (__TEXT_REGION_ORIGIN__)?__TEXT_REGION_ORIGIN__:0x0
                [0x00800200]                __DATA_REGION_ORIGIN__ = DEFINED (__DATA_REGION_ORIGIN__)?__DATA_REGION_ORIGIN__:0x800200
                [0x00040000]                __TEXT_REGION_LENGTH__ = DEFINED (__TEXT_REGION_LENGTH__)?__TEXT_REGION_LENGTH__:0x100000
                [0x00008000]                __DATA_REGION_LENGTH__ = DEFINED (__DATA_REGION_LENGTH__)?__DATA_REGION_LENGTH__:0xfe00
                [0x00002000]                __EEPROM_REGION_LENGTH__ = DEFINED (__EEPROM_REGION_LENGTH__)?__EEPROM_REGION_LENGTH__:0x10000
                [0x00000003]                __FUSE_REGION_LENGTH__ = DEFINED (__FUSE_REGION_LENGTH__)?__FUSE_REGION_LENGTH__:0x400
                0x00000400                __LOCK_REGION_LENGTH__ = DEFINED (__LOCK_REGION_LENGTH__)?__LOCK_REGION_LENGTH__:0x400
                0x00000400                __SIGNATURE_REGION_LENGTH__ = DEFINED (__SIGNATURE_REGION_LENGTH__)?__SIGNATURE_REGION_LENGTH__:0x400
                0x00000400                __USER_SIGNATURE_REGION_LENGTH__ = DEFINED (__USER_SIGNATURE_REGION_LENGTH__)?__USER_SIGNATURE_REGION_LENGTH__:0x400

.hash
 *(.hash)

.dynsym
 *(.dynsym)

.dynstr
 *(.dynstr)

.gnu.version
 *(.gnu.version)

.gnu.version_d
 *(.gnu.version_d)

.gnu.version_r
 *(.gnu.version_r)

.rel.init
 *(.rel.init)

.rela.init
 *(.rela.init)

.rel.text
 *(.rel.text)
 *(.rel.text.*)
 *(.rel.gnu.linkonce.t*)

.rela.text
 *(.rela.text)
 *(.rela.text.*)
 *(.rela.gnu.linkonce.t*)

.rel.fini
 *(.rel.fini)

.rela.fini
 *(.rela.fini)

.rel.rodata
 *(.rel.rodata)
 *(.rel.rodata.*)
 *(.rel.gnu.linkonce.r*)

.rela.rodata
 *(.rela.rodata)
 *(.rela.rodata.*)
 *(.rela.gnu.linkonce.r*)

.rel.data
 *(.rel.data)
 *(.rel.data.*)
 *(.rel.gnu.linkonce.d*)

.rela.data
 *(.rela.data)
 *(.rela.data.*)
 *(.rela.gnu.linkonce.d*)

.rel.ctors
 *(.rel.ctors)

.rela.ctors
 *(.rela.ctors)

.rel.dtors
 *(.rel.dtors)

.rela.dtors
 *(.rela.dtors)

.rel.got
 *(.rel.got)

.rela.got
 *(.rela.got)

.rel.bss
 *(.rel.bss)

.rela.bss
 *(.rela.bss)

.rel.plt
 *(.rel.plt)

.rela.plt
 *(.rela.plt)

.text           0x00000000     0x2c24
 *(.vectors)
 .vectors       0x00000000      0x134 C:/Program Files (x86)/Atmel/Studio/7.0/Packs/atmel/ATmega_DFP/1.6.364/gcc/dev/atmega256rfr2/avr6/crtatmega256rfr2.o
                0x00000000                __vector_default
                0x00000000                __vectors
 *(.vectors)
 *(.progmem.gcc*)
 .progmem.gcc_sw_table.set_trx_state
                0x00000134       0x2e src/ASF/thirdparty/wireless/avr2025_mac/source/tal/atmegarfr2/src/tal.o
                0x00000162                . = ALIGN (0x2)
                0x00000162                __trampolines_start = .
 *(.trampolines)
 .trampolines   0x00000162        0x0 linker stubs
 *(.trampolines*)
                0x00000162                __trampolines_end = .
 *libprintf_flt.a:*(.progmem.data)
 *libc.a:*(.progmem.data)
 *(.progmem*)
 .progmem.data.tx_pwr_table
                0x00000162       0x10 src/ASF/thirdparty/wireless/avr2025_mac/source/tal/atmegarfr2/src/tal_pib.o
                0x00000162                tx_pwr_table
                0x00000172                . = ALIGN (0x2)
 *(.jumptables)
 *(.jumptables*)
 *(.lowtext)
 *(.lowtext*)
                0x00000172                __ctors_start = .
 *(.ctors)
                0x00000172                __ctors_end = .
                0x00000172                __dtors_start = .
 *(.dtors)
                0x00000172                __dtors_end = .
 SORT(*)(.ctors)
 SORT(*)(.dtors)
 *(.init0)
 .init0         0x00000172        0x0 C:/Program Files (x86)/Atmel/Studio/7.0/Packs/atmel/ATmega_DFP/1.6.364/gcc/dev/atmega256rfr2/avr6/crtatmega256rfr2.o
                0x00000172                __init
 *(.init0)
 *(.init1)
 *(.init1)
 *(.init2)
 .init2         0x00000172       0x10 C:/Program Files (x86)/Atmel/Studio/7.0/Packs/atmel/ATmega_DFP/1.6.364/gcc/dev/atmega256rfr2/avr6/crtatmega256rfr2.o
 *(.init2)
 *(.init3)
 *(.init3)
 *(.init4)
 .init4         0x00000182       0x1a c:/program files (x86)/atmel/studio/7.0/toolchain/avr8/avr8-gnu-toolchain/bin/../lib/gcc/avr/5.4.0/avr6\libgcc.a(_copy_data.o)
                0x00000182                __do_copy_data
 .init4         0x0000019c       0x10 c:/program files (x86)/atmel/studio/7.0/toolchain/avr8/avr8-gnu-toolchain/bin/../lib/gcc/avr/5.4.0/avr6\libgcc.a(_clear_bss.o)
                0x0000019c                __do_clear_bss
 *(.init4)
 *(.init5)
 *(.init5)
 *(.init6)
 *(.init6)
 *(.init7)
 *(.init7)
 *(.init8)
 *(.init8)
 *(.init9)
 .init9         0x000001ac        0x8 C:/Program Files (x86)/Atmel/Studio/7.0/Packs/atmel/ATmega_DFP/1.6.364/gcc/dev/atmega256rfr2/avr6/crtatmega256rfr2.o
 *(.init9)
 *(.text)
 .text          0x000001b4        0x2 C:/Program Files (x86)/Atmel/Studio/7.0/Packs/atmel/ATmega_DFP/1.6.364/gcc/dev/atmega256rfr2/avr6/crtatmega256rfr2.o
                0x000001b4                __vector_38
                0x000001b4                __vector_22
                0x000001b4                __vector_28
                0x000001b4                __vector_67
                0x000001b4                __vector_1
                0x000001b4                __vector_24
                0x000001b4                __vector_12
                0x000001b4                __vector_55
                0x000001b4                __vector_69
                0x000001b4                __vector_46
                0x000001b4                __bad_interrupt
                0x000001b4                __vector_6
                0x000001b4                __vector_31
                0x000001b4                __vector_39
                0x000001b4                __vector_3
                0x000001b4                __vector_23
                0x000001b4                __vector_68
                0x000001b4                __vector_30
                0x000001b4                __vector_25
                0x000001b4                __vector_11
                0x000001b4                __vector_54
                0x000001b4                __vector_13
                0x000001b4                __vector_56
                0x000001b4                __vector_7
                0x000001b4                __vector_41
                0x000001b4                __vector_27
                0x000001b4                __vector_5
                0x000001b4                __vector_52
                0x000001b4                __vector_37
                0x000001b4                __vector_4
                0x000001b4                __vector_51
                0x000001b4                __vector_9
                0x000001b4                __vector_2
                0x000001b4                __vector_21
                0x000001b4                __vector_15
                0x000001b4                __vector_66
                0x000001b4                __vector_36
                0x000001b4                __vector_29
                0x000001b4                __vector_40
                0x000001b4                __vector_8
                0x000001b4                __vector_26
                0x000001b4                __vector_14
                0x000001b4                __vector_53
                0x000001b4                __vector_10
                0x000001b4                __vector_16
                0x000001b4                __vector_65
 .text          0x000001b6      0x216 ../src/ASF/thirdparty/wireless/services/common_hw_timer/mega/lib\libmegarfr2_lib_hw_timer.a(common_hw_timer.o)
                0x000001b6                common_tc_read_count
                0x00000206                common_tc_compare_stop
                0x0000022a                common_tc_overflow_stop
                0x00000234                common_tc_stop
                0x0000023c                common_tc_delay
                0x00000326                common_tc_init
                0x00000334                tmr_ovf_callback
                0x000003a4                tmr_cca_callback
                0x000003b8                set_common_tc_overflow_callback
                0x000003c2                set_common_tc_expiry_callback
                0x000003cc                . = ALIGN (0x2)
 *(.text.*)
 .text.usr_wireless_app_task
                0x000003cc        0x2 src/usr_wireless.o
                0x000003cc                usr_wireless_app_task
 .text.usr_frame_received_cb
                0x000003ce      0x3ae src/usr_wireless.o
                0x000003ce                usr_frame_received_cb
 .text.usr_frame_transmitted_cb
                0x0000077c        0x2 src/usr_wireless.o
                0x0000077c                usr_frame_transmitted_cb
 .text.transmit_frame
                0x0000077e      0x144 src/Wireless/wireless_api.o
                0x0000077e                transmit_frame
 .text.transmit_sample_frame
                0x000008c2       0x7c src/Wireless/wireless_api.o
                0x000008c2                transmit_sample_frame
 .text.init_data_reception
                0x0000093e        0x8 src/Wireless/wireless_api.o
                0x0000093e                init_data_reception
 .text.wireless_init
                0x00000946       0x7c src/Wireless/wireless_api.o
                0x00000946                wireless_init
 .text.board_init
                0x000009c2        0x2 src/ASF/common/boards/user_board/init.o
                0x000009c2                board_init
 .text.modules_init
                0x000009c4        0x2 src/ASF/common/boards/user_board/init.o
                0x000009c4                modules_init
 .text.sysclk_init
                0x000009c6       0x36 src/ASF/common/services/clock/mega/sysclk.o
                0x000009c6                sysclk_init
 .text.sysclk_enable_module
                0x000009fc       0x30 src/ASF/common/services/clock/mega/sysclk.o
                0x000009fc                sysclk_enable_module
 .text.sysclk_disable_module
                0x00000a2c       0x2e src/ASF/common/services/clock/mega/sysclk.o
                0x00000a2c                sysclk_disable_module
 .text.hw_expiry_cb
                0x00000a5a       0x10 src/ASF/thirdparty/wireless/avr2025_mac/source/pal/common_sw_timer/common_sw_timer.o
                0x00000a5a                hw_expiry_cb
 .text.hw_overflow_cb
                0x00000a6a       0xb4 src/ASF/thirdparty/wireless/avr2025_mac/source/pal/common_sw_timer/common_sw_timer.o
                0x00000a6a                hw_overflow_cb
 .text.load_hw_timer
                0x00000b1e       0xdc src/ASF/thirdparty/wireless/avr2025_mac/source/pal/common_sw_timer/common_sw_timer.o
 .text.internal_timer_handler
                0x00000bfa       0xba src/ASF/thirdparty/wireless/avr2025_mac/source/pal/common_sw_timer/common_sw_timer.o
 .text.sw_timer_init
                0x00000cb4       0x48 src/ASF/thirdparty/wireless/avr2025_mac/source/pal/common_sw_timer/common_sw_timer.o
                0x00000cb4                sw_timer_init
 .text.sw_timer_service
                0x00000cfc       0xa6 src/ASF/thirdparty/wireless/avr2025_mac/source/pal/common_sw_timer/common_sw_timer.o
                0x00000cfc                sw_timer_service
 .text.pal_init
                0x00000da2        0x4 src/ASF/thirdparty/wireless/avr2025_mac/source/pal/pal.o
                0x00000da2                pal_init
 .text.pal_task
                0x00000da6        0x4 src/ASF/thirdparty/wireless/avr2025_mac/source/pal/pal.o
                0x00000da6                pal_task
 .text.bmm_buffer_init
                0x00000daa       0x48 src/ASF/thirdparty/wireless/avr2025_mac/source/resources/buffer/src/bmm.o
                0x00000daa                bmm_buffer_init
 .text.bmm_buffer_alloc
                0x00000df2        0xc src/ASF/thirdparty/wireless/avr2025_mac/source/resources/buffer/src/bmm.o
                0x00000df2                bmm_buffer_alloc
 .text.bmm_buffer_free
                0x00000dfe        0xe src/ASF/thirdparty/wireless/avr2025_mac/source/resources/buffer/src/bmm.o
                0x00000dfe                bmm_buffer_free
 .text.queue_read_or_remove
                0x00000e0c      0x108 src/ASF/thirdparty/wireless/avr2025_mac/source/resources/queue/src/qmm.o
 .text.qmm_queue_init
                0x00000f14        0xe src/ASF/thirdparty/wireless/avr2025_mac/source/resources/queue/src/qmm.o
                0x00000f14                qmm_queue_init
 .text.qmm_queue_append
                0x00000f22       0x4a src/ASF/thirdparty/wireless/avr2025_mac/source/resources/queue/src/qmm.o
                0x00000f22                qmm_queue_append
 .text.qmm_queue_remove
                0x00000f6c        0x8 src/ASF/thirdparty/wireless/avr2025_mac/source/resources/queue/src/qmm.o
                0x00000f6c                qmm_queue_remove
 .text.__portable_avr_delay_cycles
                0x00000f74       0x16 src/ASF/thirdparty/wireless/avr2025_mac/source/tal/atmegarfr2/src/tal.o
 .text.switch_pll_on
                0x00000f8a       0x40 src/ASF/thirdparty/wireless/avr2025_mac/source/tal/atmegarfr2/src/tal.o
 .text.set_trx_state
                0x00000fca      0x296 src/ASF/thirdparty/wireless/avr2025_mac/source/tal/atmegarfr2/src/tal.o
                0x00000fca                set_trx_state
 .text.tal_task
                0x00001260       0x7a src/ASF/thirdparty/wireless/avr2025_mac/source/tal/atmegarfr2/src/tal.o
                0x00001260                tal_task
 .text.__portable_avr_delay_cycles
                0x000012da       0x16 src/ASF/thirdparty/wireless/avr2025_mac/source/tal/atmegarfr2/src/tal_init.o
 .text.tal_generate_rand_seed
                0x000012f0       0x86 src/ASF/thirdparty/wireless/avr2025_mac/source/tal/atmegarfr2/src/tal_init.o
                0x000012f0                tal_generate_rand_seed
 .text.internal_tal_reset
                0x00001376       0xe2 src/ASF/thirdparty/wireless/avr2025_mac/source/tal/atmegarfr2/src/tal_init.o
 .text.tal_init
                0x00001458      0x146 src/ASF/thirdparty/wireless/avr2025_mac/source/tal/atmegarfr2/src/tal_init.o
                0x00001458                tal_init
 .text.pal_trx_irq_init_tx_end
                0x0000159e        0xa src/ASF/thirdparty/wireless/avr2025_mac/source/tal/atmegarfr2/src/tal_irq_handler.o
                0x0000159e                pal_trx_irq_init_tx_end
 .text.pal_trx_irq_init_rx_end
                0x000015a8        0xa src/ASF/thirdparty/wireless/avr2025_mac/source/tal/atmegarfr2/src/tal_irq_handler.o
                0x000015a8                pal_trx_irq_init_rx_end
 .text.pal_trx_irq_init_awake
                0x000015b2        0xa src/ASF/thirdparty/wireless/avr2025_mac/source/tal/atmegarfr2/src/tal_irq_handler.o
                0x000015b2                pal_trx_irq_init_awake
 .text.__vector_63
                0x000015bc       0x56 src/ASF/thirdparty/wireless/avr2025_mac/source/tal/atmegarfr2/src/tal_irq_handler.o
                0x000015bc                __vector_63
 .text.__vector_60
                0x00001612       0x56 src/ASF/thirdparty/wireless/avr2025_mac/source/tal/atmegarfr2/src/tal_irq_handler.o
                0x00001612                __vector_60
 .text.__vector_61
                0x00001668       0x56 src/ASF/thirdparty/wireless/avr2025_mac/source/tal/atmegarfr2/src/tal_irq_handler.o
                0x00001668                __vector_61
 .text.__vector_64
                0x000016be       0x56 src/ASF/thirdparty/wireless/avr2025_mac/source/tal/atmegarfr2/src/tal_irq_handler.o
                0x000016be                __vector_64
 .text.__vector_59
                0x00001714       0x14 src/ASF/thirdparty/wireless/avr2025_mac/source/tal/atmegarfr2/src/tal_irq_handler.o
                0x00001714                __vector_59
 .text.__vector_57
                0x00001728       0x14 src/ASF/thirdparty/wireless/avr2025_mac/source/tal/atmegarfr2/src/tal_irq_handler.o
                0x00001728                __vector_57
 .text.__vector_58
                0x0000173c       0x14 src/ASF/thirdparty/wireless/avr2025_mac/source/tal/atmegarfr2/src/tal_irq_handler.o
                0x0000173c                __vector_58
 .text.__vector_62
                0x00001750       0x14 src/ASF/thirdparty/wireless/avr2025_mac/source/tal/atmegarfr2/src/tal_irq_handler.o
                0x00001750                __vector_62
 .text.__vector_71
                0x00001764       0x14 src/ASF/thirdparty/wireless/avr2025_mac/source/tal/atmegarfr2/src/tal_irq_handler.o
                0x00001764                __vector_71
 .text.__vector_70
                0x00001778       0x14 src/ASF/thirdparty/wireless/avr2025_mac/source/tal/atmegarfr2/src/tal_irq_handler.o
                0x00001778                __vector_70
 .text.__vector_72
                0x0000178c       0x14 src/ASF/thirdparty/wireless/avr2025_mac/source/tal/atmegarfr2/src/tal_irq_handler.o
                0x0000178c                __vector_72
 .text.__vector_73
                0x000017a0       0x14 src/ASF/thirdparty/wireless/avr2025_mac/source/tal/atmegarfr2/src/tal_irq_handler.o
                0x000017a0                __vector_73
 .text.__vector_74
                0x000017b4       0x14 src/ASF/thirdparty/wireless/avr2025_mac/source/tal/atmegarfr2/src/tal_irq_handler.o
                0x000017b4                __vector_74
 .text.__vector_75
                0x000017c8       0x14 src/ASF/thirdparty/wireless/avr2025_mac/source/tal/atmegarfr2/src/tal_irq_handler.o
                0x000017c8                __vector_75
 .text.__vector_76
                0x000017dc       0x14 src/ASF/thirdparty/wireless/avr2025_mac/source/tal/atmegarfr2/src/tal_irq_handler.o
                0x000017dc                __vector_76
 .text.trx_rx_end_handler_cb
                0x000017f0       0x22 src/ASF/thirdparty/wireless/avr2025_mac/source/tal/atmegarfr2/src/tal_irq_handler.o
                0x000017f0                trx_rx_end_handler_cb
 .text.trx_tx_end_handler_cb
                0x00001812       0x22 src/ASF/thirdparty/wireless/avr2025_mac/source/tal/atmegarfr2/src/tal_irq_handler.o
                0x00001812                trx_tx_end_handler_cb
 .text.trx_awake_handler_cb
                0x00001834        0x8 src/ASF/thirdparty/wireless/avr2025_mac/source/tal/atmegarfr2/src/tal_irq_handler.o
                0x00001834                trx_awake_handler_cb
 .text.limit_tx_pwr
                0x0000183c       0x60 src/ASF/thirdparty/wireless/avr2025_mac/source/tal/atmegarfr2/src/tal_pib.o
 .text.init_tal_pib
                0x0000189c       0x5a src/ASF/thirdparty/wireless/avr2025_mac/source/tal/atmegarfr2/src/tal_pib.o
                0x0000189c                init_tal_pib
 .text.convert_phyTransmitPower_to_reg_value
                0x000018f6       0x42 src/ASF/thirdparty/wireless/avr2025_mac/source/tal/atmegarfr2/src/tal_pib.o
                0x000018f6                convert_phyTransmitPower_to_reg_value
 .text.write_all_tal_pib_to_trx
                0x00001938       0xb6 src/ASF/thirdparty/wireless/avr2025_mac/source/tal/atmegarfr2/src/tal_pib.o
                0x00001938                write_all_tal_pib_to_trx
 .text.tal_pib_set
                0x000019ee      0x234 src/ASF/thirdparty/wireless/avr2025_mac/source/tal/atmegarfr2/src/tal_pib.o
                0x000019ee                tal_pib_set
 .text.__portable_avr_delay_cycles
                0x00001c22       0x16 src/ASF/thirdparty/wireless/avr2025_mac/source/tal/atmegarfr2/src/tal_rx.o
 .text.handle_received_frame_irq
                0x00001c38       0xda src/ASF/thirdparty/wireless/avr2025_mac/source/tal/atmegarfr2/src/tal_rx.o
                0x00001c38                handle_received_frame_irq
 .text.process_incoming_frame
                0x00001d12       0x7e src/ASF/thirdparty/wireless/avr2025_mac/source/tal/atmegarfr2/src/tal_rx.o
                0x00001d12                process_incoming_frame
 .text.tal_rx_enable
                0x00001d90       0x38 src/ASF/thirdparty/wireless/avr2025_mac/source/tal/atmegarfr2/src/tal_rx_enable.o
                0x00001d90                tal_rx_enable
 .text.__portable_avr_delay_cycles
                0x00001dc8       0x16 src/ASF/thirdparty/wireless/avr2025_mac/source/tal/atmegarfr2/src/tal_tx.o
 .text.tx_done_handling
                0x00001dde       0x44 src/ASF/thirdparty/wireless/avr2025_mac/source/tal/atmegarfr2/src/tal_tx.o
                0x00001dde                tx_done_handling
 .text.send_frame
                0x00001e22      0x114 src/ASF/thirdparty/wireless/avr2025_mac/source/tal/atmegarfr2/src/tal_tx.o
                0x00001e22                send_frame
 .text.tal_tx_frame
                0x00001f36       0x3e src/ASF/thirdparty/wireless/avr2025_mac/source/tal/atmegarfr2/src/tal_tx.o
                0x00001f36                tal_tx_frame
 .text.handle_tx_end_irq
                0x00001f74       0x3a src/ASF/thirdparty/wireless/avr2025_mac/source/tal/atmegarfr2/src/tal_tx.o
                0x00001f74                handle_tx_end_irq
 .text.tal_ant_div_config
                0x00001fae       0xf2 src/ASF/thirdparty/wireless/avr2025_mac/source/tal/src/tal_helper.o
                0x00001fae                tal_ant_div_config
 .text.tfa_pib_set
                0x000020a0       0x50 src/ASF/thirdparty/wireless/avr2025_mac/source/tfa/atmegarfr2/src/tfa.o
                0x000020a0                tfa_pib_set
 .text.tfa_init
                0x000020f0       0x22 src/ASF/thirdparty/wireless/avr2025_mac/source/tfa/atmegarfr2/src/tfa.o
                0x000020f0                tfa_init
 .text.tc_ovf_callback
                0x00002112        0x6 src/ASF/thirdparty/wireless/services/common_hw_timer/mega/hw_timer.o
                0x00002112                tc_ovf_callback
 .text.tc_cca_callback
                0x00002118        0x6 src/ASF/thirdparty/wireless/services/common_hw_timer/mega/hw_timer.o
                0x00002118                tc_cca_callback
 .text.tmr_read_count
                0x0000211e        0xa src/ASF/thirdparty/wireless/services/common_hw_timer/mega/hw_timer.o
                0x0000211e                tmr_read_count
 .text.tmr_disable_cc_interrupt
                0x00002128        0xe src/ASF/thirdparty/wireless/services/common_hw_timer/mega/hw_timer.o
                0x00002128                tmr_disable_cc_interrupt
 .text.tmr_enable_cc_interrupt
                0x00002136        0xe src/ASF/thirdparty/wireless/services/common_hw_timer/mega/hw_timer.o
                0x00002136                tmr_enable_cc_interrupt
 .text.tmr_disable_ovf_interrupt
                0x00002144        0xe src/ASF/thirdparty/wireless/services/common_hw_timer/mega/hw_timer.o
                0x00002144                tmr_disable_ovf_interrupt
 .text.tmr_stop
                0x00002152        0x8 src/ASF/thirdparty/wireless/services/common_hw_timer/mega/hw_timer.o
                0x00002152                tmr_stop
 .text.tmr_write_cmpreg
                0x0000215a       0x16 src/ASF/thirdparty/wireless/services/common_hw_timer/mega/hw_timer.o
                0x0000215a                tmr_write_cmpreg
 .text.save_cpu_interrupt
                0x00002170       0x1a src/ASF/thirdparty/wireless/services/common_hw_timer/mega/hw_timer.o
                0x00002170                save_cpu_interrupt
 .text.restore_cpu_interrupt
                0x0000218a        0x4 src/ASF/thirdparty/wireless/services/common_hw_timer/mega/hw_timer.o
                0x0000218a                restore_cpu_interrupt
 .text.tmr_init
                0x0000218e       0x40 src/ASF/thirdparty/wireless/services/common_hw_timer/mega/hw_timer.o
                0x0000218e                tmr_init
 .text.__vector_20
                0x000021ce       0x5a src/ASF/thirdparty/wireless/services/mega/drivers/tc/tc_megarf.o
                0x000021ce                __vector_20
 .text.__vector_17
                0x00002228       0x5a src/ASF/thirdparty/wireless/services/mega/drivers/tc/tc_megarf.o
                0x00002228                __vector_17
 .text.__vector_18
                0x00002282       0x5a src/ASF/thirdparty/wireless/services/mega/drivers/tc/tc_megarf.o
                0x00002282                __vector_18
 .text.__vector_19
                0x000022dc       0x5a src/ASF/thirdparty/wireless/services/mega/drivers/tc/tc_megarf.o
                0x000022dc                __vector_19
 .text.__vector_35
                0x00002336       0x5a src/ASF/thirdparty/wireless/services/mega/drivers/tc/tc_megarf.o
                0x00002336                __vector_35
 .text.__vector_32
                0x00002390       0x5a src/ASF/thirdparty/wireless/services/mega/drivers/tc/tc_megarf.o
                0x00002390                __vector_32
 .text.__vector_33
                0x000023ea       0x5a src/ASF/thirdparty/wireless/services/mega/drivers/tc/tc_megarf.o
                0x000023ea                __vector_33
 .text.__vector_34
                0x00002444       0x5a src/ASF/thirdparty/wireless/services/mega/drivers/tc/tc_megarf.o
                0x00002444                __vector_34
 .text.__vector_45
                0x0000249e       0x5a src/ASF/thirdparty/wireless/services/mega/drivers/tc/tc_megarf.o
                0x0000249e                __vector_45
 .text.__vector_42
                0x000024f8       0x5a src/ASF/thirdparty/wireless/services/mega/drivers/tc/tc_megarf.o
                0x000024f8                __vector_42
 .text.__vector_43
                0x00002552       0x5a src/ASF/thirdparty/wireless/services/mega/drivers/tc/tc_megarf.o
                0x00002552                __vector_43
 .text.__vector_44
                0x000025ac       0x5a src/ASF/thirdparty/wireless/services/mega/drivers/tc/tc_megarf.o
                0x000025ac                __vector_44
 .text.__vector_50
                0x00002606       0x5a src/ASF/thirdparty/wireless/services/mega/drivers/tc/tc_megarf.o
                0x00002606                __vector_50
 .text.__vector_47
                0x00002660       0x5a src/ASF/thirdparty/wireless/services/mega/drivers/tc/tc_megarf.o
                0x00002660                __vector_47
 .text.__vector_48
                0x000026ba       0x5a src/ASF/thirdparty/wireless/services/mega/drivers/tc/tc_megarf.o
                0x000026ba                __vector_48
 .text.__vector_49
                0x00002714       0x5a src/ASF/thirdparty/wireless/services/mega/drivers/tc/tc_megarf.o
                0x00002714                __vector_49
 .text.tc_enable
                0x0000276e       0xee src/ASF/thirdparty/wireless/services/mega/drivers/tc/tc_megarf.o
                0x0000276e                tc_enable
 .text.tc_disable
                0x0000285c       0xee src/ASF/thirdparty/wireless/services/mega/drivers/tc/tc_megarf.o
                0x0000285c                tc_disable
 .text.tc_set_overflow_interrupt_callback
                0x0000294a       0x40 src/ASF/thirdparty/wireless/services/mega/drivers/tc/tc_megarf.o
                0x0000294a                tc_set_overflow_interrupt_callback
 .text.tc_set_compa_interrupt_callback
                0x0000298a       0x40 src/ASF/thirdparty/wireless/services/mega/drivers/tc/tc_megarf.o
                0x0000298a                tc_set_compa_interrupt_callback
 .text.main     0x000029ca       0x16 src/main.o
                0x000029ca                main
 .text.tal_tx_frame_done_cb
                0x000029e0        0x6 src/main.o
                0x000029e0                tal_tx_frame_done_cb
 .text.tal_rx_frame_cb
                0x000029e6       0x18 src/main.o
                0x000029e6                tal_rx_frame_cb
 .text.libgcc.mul
                0x000029fe       0x1e c:/program files (x86)/atmel/studio/7.0/toolchain/avr8/avr8-gnu-toolchain/bin/../lib/gcc/avr/5.4.0/avr6\libgcc.a(_mulsi3.o)
                0x000029fe                __mulsi3
 .text.libgcc.div
                0x00002a1c       0x28 c:/program files (x86)/atmel/studio/7.0/toolchain/avr8/avr8-gnu-toolchain/bin/../lib/gcc/avr/5.4.0/avr6\libgcc.a(_udivmodhi4.o)
                0x00002a1c                __udivmodhi4
 .text.libgcc.div
                0x00002a44       0x26 c:/program files (x86)/atmel/studio/7.0/toolchain/avr8/avr8-gnu-toolchain/bin/../lib/gcc/avr/5.4.0/avr6\libgcc.a(_divmodhi4.o)
                0x00002a44                _div
                0x00002a44                __divmodhi4
 .text.libgcc   0x00002a6a       0x10 c:/program files (x86)/atmel/studio/7.0/toolchain/avr8/avr8-gnu-toolchain/bin/../lib/gcc/avr/5.4.0/avr6\libgcc.a(_tablejump2.o)
                0x00002a6a                __tablejump2__
 .text.libgcc.mul
                0x00002a7a       0x1e c:/program files (x86)/atmel/studio/7.0/toolchain/avr8/avr8-gnu-toolchain/bin/../lib/gcc/avr/5.4.0/avr6\libgcc.a(_umulhisi3.o)
                0x00002a7a                __umulhisi3
 .text.libgcc.mul
                0x00002a98       0x14 c:/program files (x86)/atmel/studio/7.0/toolchain/avr8/avr8-gnu-toolchain/bin/../lib/gcc/avr/5.4.0/avr6\libgcc.a(_muluhisi3.o)
                0x00002a98                __muluhisi3
 .text.libgcc   0x00002aac       0x18 c:/program files (x86)/atmel/studio/7.0/toolchain/avr8/avr8-gnu-toolchain/bin/../lib/gcc/avr/5.4.0/avr6\libgcc.a(_adddi3_s8.o)
                0x00002aac                __adddi3_s8
 .text.libgcc   0x00002ac4       0x18 c:/program files (x86)/atmel/studio/7.0/toolchain/avr8/avr8-gnu-toolchain/bin/../lib/gcc/avr/5.4.0/avr6\libgcc.a(_cmpdi2_s8.o)
                0x00002ac4                __cmpdi2_s8
 .text.avr-libc
                0x00002adc       0xaa c:/program files (x86)/atmel/studio/7.0/toolchain/avr8/avr8-gnu-toolchain/bin/../lib/gcc/avr/5.4.0/../../../../avr/lib/avr6\libc.a(rand.o)
                0x00002b68                rand_r
                0x00002b6a                rand
                0x00002b70                srand
 .text.avr-libc
                0x00002b86       0x12 c:/program files (x86)/atmel/studio/7.0/toolchain/avr8/avr8-gnu-toolchain/bin/../lib/gcc/avr/5.4.0/../../../../avr/lib/avr6\libc.a(memcpy.o)
                0x00002b86                memcpy
 .text.libgcc.div
                0x00002b98       0x28 c:/program files (x86)/atmel/studio/7.0/toolchain/avr8/avr8-gnu-toolchain/bin/../lib/gcc/avr/5.4.0/avr6\libgcc.a(_divmodsi4.o)
                0x00002b98                __divmodsi4
 .text.libgcc.div
                0x00002bc0       0x10 c:/program files (x86)/atmel/studio/7.0/toolchain/avr8/avr8-gnu-toolchain/bin/../lib/gcc/avr/5.4.0/avr6\libgcc.a(_negsi2.o)
                0x00002bc0                __negsi2
 .text.libgcc.mul
                0x00002bd0        0xc c:/program files (x86)/atmel/studio/7.0/toolchain/avr8/avr8-gnu-toolchain/bin/../lib/gcc/avr/5.4.0/avr6\libgcc.a(_mulshisi3.o)
                0x00002bd0                __mulshisi3
                0x00002bd4                __mulohisi3
 .text.libgcc.div
                0x00002bdc       0x44 c:/program files (x86)/atmel/studio/7.0/toolchain/avr8/avr8-gnu-toolchain/bin/../lib/gcc/avr/5.4.0/avr6\libgcc.a(_udivmodsi4.o)
                0x00002bdc                __udivmodsi4
                0x00002c20                . = ALIGN (0x2)
 *(.fini9)
 .fini9         0x00002c20        0x0 c:/program files (x86)/atmel/studio/7.0/toolchain/avr8/avr8-gnu-toolchain/bin/../lib/gcc/avr/5.4.0/avr6\libgcc.a(_exit.o)
                0x00002c20                _exit
                0x00002c20                exit
 *(.fini9)
 *(.fini8)
 *(.fini8)
 *(.fini7)
 *(.fini7)
 *(.fini6)
 *(.fini6)
 *(.fini5)
 *(.fini5)
 *(.fini4)
 *(.fini4)
 *(.fini3)
 *(.fini3)
 *(.fini2)
 *(.fini2)
 *(.fini1)
 *(.fini1)
 *(.fini0)
 .fini0         0x00002c20        0x4 c:/program files (x86)/atmel/studio/7.0/toolchain/avr8/avr8-gnu-toolchain/bin/../lib/gcc/avr/5.4.0/avr6\libgcc.a(_exit.o)
 *(.fini0)
                0x00002c24                _etext = .

.data           0x00800200        0x4 load address 0x00002c24
                0x00800200                PROVIDE (__data_start, .)
 *(.data)
 .data          0x00800200        0x4 c:/program files (x86)/atmel/studio/7.0/toolchain/avr8/avr8-gnu-toolchain/bin/../lib/gcc/avr/5.4.0/../../../../avr/lib/avr6\libc.a(rand.o)
 *(.data*)
 *(.gnu.linkonce.d*)
 *(.rodata)
 *(.rodata*)
 *(.gnu.linkonce.r*)
                0x00800204                . = ALIGN (0x2)
                0x00800204                _edata = .
                0x00800204                PROVIDE (__data_end, .)

.bss            0x00800204      0x34f
                0x00800204                PROVIDE (__bss_start, .)
 *(.bss)
 .bss           0x00800204        0xb ../src/ASF/thirdparty/wireless/services/common_hw_timer/mega/lib\libmegarfr2_lib_hw_timer.a(common_hw_timer.o)
 *(.bss*)
 .bss.seq_num.3029
                0x0080020f        0x2 src/Wireless/wireless_api.o
 .bss.storage_buffer
                0x00800211       0x8b src/Wireless/wireless_api.o
 .bss.alloc_timer_id
                0x0080029c        0x1 src/ASF/thirdparty/wireless/avr2025_mac/source/pal/common_sw_timer/common_sw_timer.o
 .bss.expired_timer_queue_tail
                0x0080029d        0x1 src/ASF/thirdparty/wireless/avr2025_mac/source/pal/common_sw_timer/common_sw_timer.o
 .bss.expired_timer_queue_head
                0x0080029e        0x1 src/ASF/thirdparty/wireless/avr2025_mac/source/pal/common_sw_timer/common_sw_timer.o
 .bss.running_timer_queue_head
                0x0080029f        0x1 src/ASF/thirdparty/wireless/avr2025_mac/source/pal/common_sw_timer/common_sw_timer.o
 .bss.running_timers
                0x008002a0        0x1 src/ASF/thirdparty/wireless/avr2025_mac/source/pal/common_sw_timer/common_sw_timer.o
 .bss.free_large_buffer_q
                0x008002a1        0x5 src/ASF/thirdparty/wireless/avr2025_mac/source/resources/buffer/src/bmm.o
 .bss.buf_header
                0x008002a6        0xc src/ASF/thirdparty/wireless/avr2025_mac/source/resources/buffer/src/bmm.o
 .bss.buf_pool  0x008002b2      0x1a1 src/ASF/thirdparty/wireless/avr2025_mac/source/resources/buffer/src/bmm.o
 .bss.tal_rx_buffer
                0x00800453        0x2 src/ASF/thirdparty/wireless/avr2025_mac/source/tal/atmegarfr2/src/tal.o
                0x00800453                tal_rx_buffer
 .bss.irq_hdl_trx_awake
                0x00800455        0x2 src/ASF/thirdparty/wireless/avr2025_mac/source/tal/atmegarfr2/src/tal_irq_handler.o
 .bss.irq_hdl_trx_cca_ed
                0x00800457        0x2 src/ASF/thirdparty/wireless/avr2025_mac/source/tal/atmegarfr2/src/tal_irq_handler.o
 .bss.irq_hdl_trx_rx_end
                0x00800459        0x2 src/ASF/thirdparty/wireless/avr2025_mac/source/tal/atmegarfr2/src/tal_irq_handler.o
 .bss.irq_hdl_trx_tx_end
                0x0080045b        0x2 src/ASF/thirdparty/wireless/avr2025_mac/source/tal/atmegarfr2/src/tal_irq_handler.o
 .bss.trx_trac_status
                0x0080045d        0x1 src/ASF/thirdparty/wireless/avr2025_mac/source/tal/atmegarfr2/src/tal_tx.o
 .bss.tfa_pib_rx_sens
                0x0080045e        0x1 src/ASF/thirdparty/wireless/avr2025_mac/source/tfa/atmegarfr2/src/tfa.o
 .bss.tc_tccr5_compc_callback
                0x0080045f        0x2 src/ASF/thirdparty/wireless/services/mega/drivers/tc/tc_megarf.o
 .bss.tc_tccr5_compb_callback
                0x00800461        0x2 src/ASF/thirdparty/wireless/services/mega/drivers/tc/tc_megarf.o
 .bss.tc_tccr5_compa_callback
                0x00800463        0x2 src/ASF/thirdparty/wireless/services/mega/drivers/tc/tc_megarf.o
 .bss.tc_tccr5_ovf_callback
                0x00800465        0x2 src/ASF/thirdparty/wireless/services/mega/drivers/tc/tc_megarf.o
 .bss.tc_tccr4_compc_callback
                0x00800467        0x2 src/ASF/thirdparty/wireless/services/mega/drivers/tc/tc_megarf.o
 .bss.tc_tccr4_compb_callback
                0x00800469        0x2 src/ASF/thirdparty/wireless/services/mega/drivers/tc/tc_megarf.o
 .bss.tc_tccr4_compa_callback
                0x0080046b        0x2 src/ASF/thirdparty/wireless/services/mega/drivers/tc/tc_megarf.o
 .bss.tc_tccr4_ovf_callback
                0x0080046d        0x2 src/ASF/thirdparty/wireless/services/mega/drivers/tc/tc_megarf.o
 .bss.tc_tccr3_compc_callback
                0x0080046f        0x2 src/ASF/thirdparty/wireless/services/mega/drivers/tc/tc_megarf.o
 .bss.tc_tccr3_compb_callback
                0x00800471        0x2 src/ASF/thirdparty/wireless/services/mega/drivers/tc/tc_megarf.o
 .bss.tc_tccr3_compa_callback
                0x00800473        0x2 src/ASF/thirdparty/wireless/services/mega/drivers/tc/tc_megarf.o
 .bss.tc_tccr3_ovf_callback
                0x00800475        0x2 src/ASF/thirdparty/wireless/services/mega/drivers/tc/tc_megarf.o
 .bss.tc_tccr1_compc_callback
                0x00800477        0x2 src/ASF/thirdparty/wireless/services/mega/drivers/tc/tc_megarf.o
 .bss.tc_tccr1_compb_callback
                0x00800479        0x2 src/ASF/thirdparty/wireless/services/mega/drivers/tc/tc_megarf.o
 .bss.tc_tccr1_compa_callback
                0x0080047b        0x2 src/ASF/thirdparty/wireless/services/mega/drivers/tc/tc_megarf.o
 .bss.tc_tccr1_ovf_callback
                0x0080047d        0x2 src/ASF/thirdparty/wireless/services/mega/drivers/tc/tc_megarf.o
 *(COMMON)
 COMMON         0x0080047f       0x71 src/usr_wireless.o
                0x0080047f                receivedFrame
 COMMON         0x008004f0       0x35 src/ASF/thirdparty/wireless/avr2025_mac/source/pal/common_sw_timer/common_sw_timer.o
                0x008004f0                sys_time
                0x008004f2                timer_array
                0x00800524                timer_trigger
 COMMON         0x00800525       0x2d src/ASF/thirdparty/wireless/avr2025_mac/source/tal/atmegarfr2/src/tal.o
                0x00800525                tal_rx_on_required
                0x00800526                tal_incoming_frame_queue
                0x0080052b                mac_frame_ptr
                0x0080052d                tal_pib
                0x0080054c                tal_trx_status
                0x0080054d                last_frame_length
                0x0080054e                tal_frame_to_tx
                0x00800550                tal_awake_end_flag
                0x00800551                tal_state
 COMMON         0x00800552        0x1 ../src/ASF/thirdparty/wireless/services/common_hw_timer/mega/lib\libmegarfr2_lib_hw_timer.a(common_hw_timer.o)
                0x00800552                timer_multiplier
                0x00800553                PROVIDE (__bss_end, .)
                0x00002c24                __data_load_start = LOADADDR (.data)
                0x00002c28                __data_load_end = (__data_load_start + SIZEOF (.data))

.noinit         0x00800553        0x0
                [!provide]                PROVIDE (__noinit_start, .)
 *(.noinit*)
                [!provide]                PROVIDE (__noinit_end, .)
                0x00800553                _end = .
                [!provide]                PROVIDE (__heap_start, .)

.eeprom         0x00810000        0x0
 *(.eeprom*)
                0x00810000                __eeprom_end = .

.fuse
 *(.fuse)
 *(.lfuse)
 *(.hfuse)
 *(.efuse)

.lock
 *(.lock*)

.signature
 *(.signature*)

.user_signatures
 *(.user_signatures*)

.stab
 *(.stab)

.stabstr
 *(.stabstr)

.stab.excl
 *(.stab.excl)

.stab.exclstr
 *(.stab.exclstr)

.stab.index
 *(.stab.index)

.stab.indexstr
 *(.stab.indexstr)

.comment        0x00000000       0x30
 *(.comment)
 .comment       0x00000000       0x30 src/usr_wireless.o
                                 0x31 (size before relaxing)
 .comment       0x00000030       0x31 src/Wireless/wireless_api.o
 .comment       0x00000030       0x31 src/ASF/common/boards/user_board/init.o
 .comment       0x00000030       0x31 src/ASF/common/services/clock/mega/sysclk.o
 .comment       0x00000030       0x31 src/ASF/thirdparty/wireless/avr2025_mac/source/pal/common_sw_timer/common_sw_timer.o
 .comment       0x00000030       0x31 src/ASF/thirdparty/wireless/avr2025_mac/source/pal/pal.o
 .comment       0x00000030       0x31 src/ASF/thirdparty/wireless/avr2025_mac/source/resources/buffer/src/bmm.o
 .comment       0x00000030       0x31 src/ASF/thirdparty/wireless/avr2025_mac/source/resources/queue/src/qmm.o
 .comment       0x00000030       0x31 src/ASF/thirdparty/wireless/avr2025_mac/source/tal/atmegarfr2/src/tal.o
 .comment       0x00000030       0x31 src/ASF/thirdparty/wireless/avr2025_mac/source/tal/atmegarfr2/src/tal_init.o
 .comment       0x00000030       0x31 src/ASF/thirdparty/wireless/avr2025_mac/source/tal/atmegarfr2/src/tal_irq_handler.o
 .comment       0x00000030       0x31 src/ASF/thirdparty/wireless/avr2025_mac/source/tal/atmegarfr2/src/tal_pib.o
 .comment       0x00000030       0x31 src/ASF/thirdparty/wireless/avr2025_mac/source/tal/atmegarfr2/src/tal_rx.o
 .comment       0x00000030       0x31 src/ASF/thirdparty/wireless/avr2025_mac/source/tal/atmegarfr2/src/tal_rx_enable.o
 .comment       0x00000030       0x31 src/ASF/thirdparty/wireless/avr2025_mac/source/tal/atmegarfr2/src/tal_tx.o
 .comment       0x00000030       0x31 src/ASF/thirdparty/wireless/avr2025_mac/source/tal/src/tal_helper.o
 .comment       0x00000030       0x31 src/ASF/thirdparty/wireless/avr2025_mac/source/tfa/atmegarfr2/src/tfa.o
 .comment       0x00000030       0x31 src/ASF/thirdparty/wireless/services/common_hw_timer/mega/hw_timer.o
 .comment       0x00000030       0x31 src/ASF/thirdparty/wireless/services/mega/drivers/tc/tc_megarf.o
 .comment       0x00000030       0x31 src/main.o
 .comment       0x00000030       0x31 c:/program files (x86)/atmel/studio/7.0/toolchain/avr8/avr8-gnu-toolchain/bin/../lib/gcc/avr/5.4.0/../../../../avr/lib/avr6\libc.a(rand.o)

.note.gnu.avr.deviceinfo
                0x00000000       0x40
 .note.gnu.avr.deviceinfo
                0x00000000       0x40 C:/Program Files (x86)/Atmel/Studio/7.0/Packs/atmel/ATmega_DFP/1.6.364/gcc/dev/atmega256rfr2/avr6/crtatmega256rfr2.o

.note.gnu.build-id
 *(.note.gnu.build-id)

.debug
 *(.debug)

.line
 *(.line)

.debug_srcinfo
 *(.debug_srcinfo)

.debug_sfnames
 *(.debug_sfnames)

.debug_aranges  0x00000000      0x6f0
 *(.debug_aranges)
 .debug_aranges
                0x00000000       0x30 src/usr_wireless.o
 .debug_aranges
                0x00000030       0x40 src/Wireless/wireless_api.o
 .debug_aranges
                0x00000070       0x28 src/ASF/common/boards/user_board/init.o
 .debug_aranges
                0x00000098       0x30 src/ASF/common/services/clock/mega/sysclk.o
 .debug_aranges
                0x000000c8       0x88 src/ASF/thirdparty/wireless/avr2025_mac/source/pal/common_sw_timer/common_sw_timer.o
 .debug_aranges
                0x00000150       0x68 src/ASF/thirdparty/wireless/avr2025_mac/source/pal/pal.o
 .debug_aranges
                0x000001b8       0x30 src/ASF/thirdparty/wireless/avr2025_mac/source/resources/buffer/src/bmm.o
 .debug_aranges
                0x000001e8       0x48 src/ASF/thirdparty/wireless/avr2025_mac/source/resources/queue/src/qmm.o
 .debug_aranges
                0x00000230       0x48 src/ASF/thirdparty/wireless/avr2025_mac/source/tal/atmegarfr2/src/tal.o
 .debug_aranges
                0x00000278       0x40 src/ASF/thirdparty/wireless/avr2025_mac/source/tal/atmegarfr2/src/tal_init.o
 .debug_aranges
                0x000002b8       0xc8 src/ASF/thirdparty/wireless/avr2025_mac/source/tal/atmegarfr2/src/tal_irq_handler.o
 .debug_aranges
                0x00000380       0x48 src/ASF/thirdparty/wireless/avr2025_mac/source/tal/atmegarfr2/src/tal_pib.o
 .debug_aranges
                0x000003c8       0x30 src/ASF/thirdparty/wireless/avr2025_mac/source/tal/atmegarfr2/src/tal_rx.o
 .debug_aranges
                0x000003f8       0x20 src/ASF/thirdparty/wireless/avr2025_mac/source/tal/atmegarfr2/src/tal_rx_enable.o
 .debug_aranges
                0x00000418       0x40 src/ASF/thirdparty/wireless/avr2025_mac/source/tal/atmegarfr2/src/tal_tx.o
 .debug_aranges
                0x00000458       0xa0 src/ASF/thirdparty/wireless/avr2025_mac/source/tal/src/tal_helper.o
 .debug_aranges
                0x000004f8       0x70 src/ASF/thirdparty/wireless/avr2025_mac/source/tfa/atmegarfr2/src/tfa.o
 .debug_aranges
                0x00000568       0x70 src/ASF/thirdparty/wireless/services/common_hw_timer/mega/hw_timer.o
 .debug_aranges
                0x000005d8       0xc8 src/ASF/thirdparty/wireless/services/mega/drivers/tc/tc_megarf.o
 .debug_aranges
                0x000006a0       0x30 src/main.o
 .debug_aranges
                0x000006d0       0x20 ../src/ASF/thirdparty/wireless/services/common_hw_timer/mega/lib\libmegarfr2_lib_hw_timer.a(common_hw_timer.o)

.debug_pubnames
 *(.debug_pubnames)

.debug_info     0x00000000     0xa40d
 *(.debug_info .gnu.linkonce.wi.*)
 .debug_info    0x00000000     0x13e6 C:/Program Files (x86)/Atmel/Studio/7.0/Packs/atmel/ATmega_DFP/1.6.364/gcc/dev/atmega256rfr2/avr6/crtatmega256rfr2.o
 .debug_info    0x000013e6      0xc49 src/usr_wireless.o
 .debug_info    0x0000202f      0x978 src/Wireless/wireless_api.o
 .debug_info    0x000029a7       0x92 src/ASF/common/boards/user_board/init.o
 .debug_info    0x00002a39      0x2b5 src/ASF/common/services/clock/mega/sysclk.o
 .debug_info    0x00002cee      0xbd2 src/ASF/thirdparty/wireless/avr2025_mac/source/pal/common_sw_timer/common_sw_timer.o
 .debug_info    0x000038c0      0x580 src/ASF/thirdparty/wireless/avr2025_mac/source/pal/pal.o
 .debug_info    0x00003e40      0x2ee src/ASF/thirdparty/wireless/avr2025_mac/source/resources/buffer/src/bmm.o
 .debug_info    0x0000412e      0x495 src/ASF/thirdparty/wireless/avr2025_mac/source/resources/queue/src/qmm.o
 .debug_info    0x000045c3      0xa13 src/ASF/thirdparty/wireless/avr2025_mac/source/tal/atmegarfr2/src/tal.o
 .debug_info    0x00004fd6      0xbbe src/ASF/thirdparty/wireless/avr2025_mac/source/tal/atmegarfr2/src/tal_init.o
 .debug_info    0x00005b94      0x460 src/ASF/thirdparty/wireless/avr2025_mac/source/tal/atmegarfr2/src/tal_irq_handler.o
 .debug_info    0x00005ff4      0x7f6 src/ASF/thirdparty/wireless/avr2025_mac/source/tal/atmegarfr2/src/tal_pib.o
 .debug_info    0x000067ea      0x4c1 src/ASF/thirdparty/wireless/avr2025_mac/source/tal/atmegarfr2/src/tal_rx.o
 .debug_info    0x00006cab      0x39a src/ASF/thirdparty/wireless/avr2025_mac/source/tal/atmegarfr2/src/tal_rx_enable.o
 .debug_info    0x00007045      0x87d src/ASF/thirdparty/wireless/avr2025_mac/source/tal/atmegarfr2/src/tal_tx.o
 .debug_info    0x000078c2      0xa45 src/ASF/thirdparty/wireless/avr2025_mac/source/tal/src/tal_helper.o
 .debug_info    0x00008307      0x9f4 src/ASF/thirdparty/wireless/avr2025_mac/source/tfa/atmegarfr2/src/tfa.o
 .debug_info    0x00008cfb      0x734 src/ASF/thirdparty/wireless/services/common_hw_timer/mega/hw_timer.o
 .debug_info    0x0000942f      0x854 src/ASF/thirdparty/wireless/services/mega/drivers/tc/tc_megarf.o
 .debug_info    0x00009c83      0x50e src/main.o
 .debug_info    0x0000a191      0x27c ../src/ASF/thirdparty/wireless/services/common_hw_timer/mega/lib\libmegarfr2_lib_hw_timer.a(common_hw_timer.o)

.debug_abbrev   0x00000000     0x3da3
 *(.debug_abbrev)
 .debug_abbrev  0x00000000     0x12d6 C:/Program Files (x86)/Atmel/Studio/7.0/Packs/atmel/ATmega_DFP/1.6.364/gcc/dev/atmega256rfr2/avr6/crtatmega256rfr2.o
 .debug_abbrev  0x000012d6      0x1b0 src/usr_wireless.o
 .debug_abbrev  0x00001486      0x28b src/Wireless/wireless_api.o
 .debug_abbrev  0x00001711       0x47 src/ASF/common/boards/user_board/init.o
 .debug_abbrev  0x00001758      0x1a6 src/ASF/common/services/clock/mega/sysclk.o
 .debug_abbrev  0x000018fe      0x3a3 src/ASF/thirdparty/wireless/avr2025_mac/source/pal/common_sw_timer/common_sw_timer.o
 .debug_abbrev  0x00001ca1      0x156 src/ASF/thirdparty/wireless/avr2025_mac/source/pal/pal.o
 .debug_abbrev  0x00001df7      0x140 src/ASF/thirdparty/wireless/avr2025_mac/source/resources/buffer/src/bmm.o
 .debug_abbrev  0x00001f37      0x256 src/ASF/thirdparty/wireless/avr2025_mac/source/resources/queue/src/qmm.o
 .debug_abbrev  0x0000218d      0x295 src/ASF/thirdparty/wireless/avr2025_mac/source/tal/atmegarfr2/src/tal.o
 .debug_abbrev  0x00002422      0x30c src/ASF/thirdparty/wireless/avr2025_mac/source/tal/atmegarfr2/src/tal_init.o
 .debug_abbrev  0x0000272e      0x1a4 src/ASF/thirdparty/wireless/avr2025_mac/source/tal/atmegarfr2/src/tal_irq_handler.o
 .debug_abbrev  0x000028d2      0x282 src/ASF/thirdparty/wireless/avr2025_mac/source/tal/atmegarfr2/src/tal_pib.o
 .debug_abbrev  0x00002b54      0x237 src/ASF/thirdparty/wireless/avr2025_mac/source/tal/atmegarfr2/src/tal_rx.o
 .debug_abbrev  0x00002d8b      0x100 src/ASF/thirdparty/wireless/avr2025_mac/source/tal/atmegarfr2/src/tal_rx_enable.o
 .debug_abbrev  0x00002e8b      0x2af src/ASF/thirdparty/wireless/avr2025_mac/source/tal/atmegarfr2/src/tal_tx.o
 .debug_abbrev  0x0000313a      0x2b1 src/ASF/thirdparty/wireless/avr2025_mac/source/tal/src/tal_helper.o
 .debug_abbrev  0x000033eb      0x2e8 src/ASF/thirdparty/wireless/avr2025_mac/source/tfa/atmegarfr2/src/tfa.o
 .debug_abbrev  0x000036d3      0x21b src/ASF/thirdparty/wireless/services/common_hw_timer/mega/hw_timer.o
 .debug_abbrev  0x000038ee      0x1d3 src/ASF/thirdparty/wireless/services/mega/drivers/tc/tc_megarf.o
 .debug_abbrev  0x00003ac1      0x1cb src/main.o
 .debug_abbrev  0x00003c8c      0x117 ../src/ASF/thirdparty/wireless/services/common_hw_timer/mega/lib\libmegarfr2_lib_hw_timer.a(common_hw_timer.o)

.debug_line     0x00000000     0xcbf2
 *(.debug_line .debug_line.* .debug_line_end)
 .debug_line    0x00000000      0x272 C:/Program Files (x86)/Atmel/Studio/7.0/Packs/atmel/ATmega_DFP/1.6.364/gcc/dev/atmega256rfr2/avr6/crtatmega256rfr2.o
 .debug_line    0x00000272      0xb6b src/usr_wireless.o
 .debug_line    0x00000ddd      0xa16 src/Wireless/wireless_api.o
 .debug_line    0x000017f3      0x554 src/ASF/common/boards/user_board/init.o
 .debug_line    0x00001d47      0x4b0 src/ASF/common/services/clock/mega/sysclk.o
 .debug_line    0x000021f7      0xabd src/ASF/thirdparty/wireless/avr2025_mac/source/pal/common_sw_timer/common_sw_timer.o
 .debug_line    0x00002cb4      0x79c src/ASF/thirdparty/wireless/avr2025_mac/source/pal/pal.o
 .debug_line    0x00003450      0x8da src/ASF/thirdparty/wireless/avr2025_mac/source/resources/buffer/src/bmm.o
 .debug_line    0x00003d2a      0x9ec src/ASF/thirdparty/wireless/avr2025_mac/source/resources/queue/src/qmm.o
 .debug_line    0x00004716      0xc2e src/ASF/thirdparty/wireless/avr2025_mac/source/tal/atmegarfr2/src/tal.o
 .debug_line    0x00005344      0xc01 src/ASF/thirdparty/wireless/avr2025_mac/source/tal/atmegarfr2/src/tal_init.o
 .debug_line    0x00005f45      0xb1d src/ASF/thirdparty/wireless/avr2025_mac/source/tal/atmegarfr2/src/tal_irq_handler.o
 .debug_line    0x00006a62      0xdd1 src/ASF/thirdparty/wireless/avr2025_mac/source/tal/atmegarfr2/src/tal_pib.o
 .debug_line    0x00007833      0x9eb src/ASF/thirdparty/wireless/avr2025_mac/source/tal/atmegarfr2/src/tal_rx.o
 .debug_line    0x0000821e      0x8f9 src/ASF/thirdparty/wireless/avr2025_mac/source/tal/atmegarfr2/src/tal_rx_enable.o
 .debug_line    0x00008b17      0xaa9 src/ASF/thirdparty/wireless/avr2025_mac/source/tal/atmegarfr2/src/tal_tx.o
 .debug_line    0x000095c0      0xf32 src/ASF/thirdparty/wireless/avr2025_mac/source/tal/src/tal_helper.o
 .debug_line    0x0000a4f2      0xd8f src/ASF/thirdparty/wireless/avr2025_mac/source/tfa/atmegarfr2/src/tfa.o
 .debug_line    0x0000b281      0x642 src/ASF/thirdparty/wireless/services/common_hw_timer/mega/hw_timer.o
 .debug_line    0x0000b8c3      0x91c src/ASF/thirdparty/wireless/services/mega/drivers/tc/tc_megarf.o
 .debug_line    0x0000c1df      0x8ce src/main.o
 .debug_line    0x0000caad      0x145 ../src/ASF/thirdparty/wireless/services/common_hw_timer/mega/lib\libmegarfr2_lib_hw_timer.a(common_hw_timer.o)

.debug_frame    0x00000000     0x1778
 *(.debug_frame)
 .debug_frame   0x00000000       0x50 src/usr_wireless.o
 .debug_frame   0x00000050       0xe4 src/Wireless/wireless_api.o
 .debug_frame   0x00000134       0x34 src/ASF/common/boards/user_board/init.o
 .debug_frame   0x00000168       0x74 src/ASF/common/services/clock/mega/sysclk.o
 .debug_frame   0x000001dc      0x210 src/ASF/thirdparty/wireless/avr2025_mac/source/pal/common_sw_timer/common_sw_timer.o
 .debug_frame   0x000003ec       0xe0 src/ASF/thirdparty/wireless/avr2025_mac/source/pal/pal.o
 .debug_frame   0x000004cc       0x50 src/ASF/thirdparty/wireless/avr2025_mac/source/resources/buffer/src/bmm.o
 .debug_frame   0x0000051c       0xd4 src/ASF/thirdparty/wireless/avr2025_mac/source/resources/queue/src/qmm.o
 .debug_frame   0x000005f0       0xa8 src/ASF/thirdparty/wireless/avr2025_mac/source/tal/atmegarfr2/src/tal.o
 .debug_frame   0x00000698       0xf4 src/ASF/thirdparty/wireless/avr2025_mac/source/tal/atmegarfr2/src/tal_init.o
 .debug_frame   0x0000078c      0x348 src/ASF/thirdparty/wireless/avr2025_mac/source/tal/atmegarfr2/src/tal_irq_handler.o
 .debug_frame   0x00000ad4       0x98 src/ASF/thirdparty/wireless/avr2025_mac/source/tal/atmegarfr2/src/tal_pib.o
 .debug_frame   0x00000b6c       0x78 src/ASF/thirdparty/wireless/avr2025_mac/source/tal/atmegarfr2/src/tal_rx.o
 .debug_frame   0x00000be4       0x24 src/ASF/thirdparty/wireless/avr2025_mac/source/tal/atmegarfr2/src/tal_rx_enable.o
 .debug_frame   0x00000c08       0x7c src/ASF/thirdparty/wireless/avr2025_mac/source/tal/atmegarfr2/src/tal_tx.o
 .debug_frame   0x00000c84      0x19c src/ASF/thirdparty/wireless/avr2025_mac/source/tal/src/tal_helper.o
 .debug_frame   0x00000e20      0x13c src/ASF/thirdparty/wireless/avr2025_mac/source/tfa/atmegarfr2/src/tfa.o
 .debug_frame   0x00000f5c       0xe0 src/ASF/thirdparty/wireless/services/common_hw_timer/mega/hw_timer.o
 .debug_frame   0x0000103c      0x624 src/ASF/thirdparty/wireless/services/mega/drivers/tc/tc_megarf.o
 .debug_frame   0x00001660       0x50 src/main.o
 .debug_frame   0x000016b0       0xc8 ../src/ASF/thirdparty/wireless/services/common_hw_timer/mega/lib\libmegarfr2_lib_hw_timer.a(common_hw_timer.o)

.debug_str      0x00000000    0x1f0fa
 *(.debug_str)
 .debug_str     0x00000000      0x7f7 C:/Program Files (x86)/Atmel/Studio/7.0/Packs/atmel/ATmega_DFP/1.6.364/gcc/dev/atmega256rfr2/avr6/crtatmega256rfr2.o
 .debug_str     0x000007f7    0x1b373 src/usr_wireless.o
                              0x1b619 (size before relaxing)
 .debug_str     0x0001bb6a      0x3de src/Wireless/wireless_api.o
                              0x1b990 (size before relaxing)
 .debug_str     0x0001bf48       0x88 src/ASF/common/boards/user_board/init.o
                              0x16f43 (size before relaxing)
 .debug_str     0x0001bfd0       0xce src/ASF/common/services/clock/mega/sysclk.o
                              0x16adb (size before relaxing)
 .debug_str     0x0001c09e      0x577 src/ASF/thirdparty/wireless/avr2025_mac/source/pal/common_sw_timer/common_sw_timer.o
                              0x16e0b (size before relaxing)
 .debug_str     0x0001c615      0x14d src/ASF/thirdparty/wireless/avr2025_mac/source/pal/pal.o
                              0x17bb8 (size before relaxing)
 .debug_str     0x0001c762      0x25a src/ASF/thirdparty/wireless/avr2025_mac/source/resources/buffer/src/bmm.o
                              0x1ada4 (size before relaxing)
 .debug_str     0x0001c9bc      0x10e src/ASF/thirdparty/wireless/avr2025_mac/source/resources/queue/src/qmm.o
                              0x1a849 (size before relaxing)
 .debug_str     0x0001caca      0xe5e src/ASF/thirdparty/wireless/avr2025_mac/source/tal/atmegarfr2/src/tal.o
                              0x1bcaa (size before relaxing)
 .debug_str     0x0001d928      0x32e src/ASF/thirdparty/wireless/avr2025_mac/source/tal/atmegarfr2/src/tal_init.o
                              0x1c0d3 (size before relaxing)
 .debug_str     0x0001dc56      0x33f src/ASF/thirdparty/wireless/avr2025_mac/source/tal/atmegarfr2/src/tal_irq_handler.o
                              0x1b9da (size before relaxing)
 .debug_str     0x0001df95      0x15f src/ASF/thirdparty/wireless/avr2025_mac/source/tal/atmegarfr2/src/tal_pib.o
                              0x1bd9a (size before relaxing)
 .debug_str     0x0001e0f4      0x17a src/ASF/thirdparty/wireless/avr2025_mac/source/tal/atmegarfr2/src/tal_rx.o
                              0x1bbed (size before relaxing)
 .debug_str     0x0001e26e       0x55 src/ASF/thirdparty/wireless/avr2025_mac/source/tal/atmegarfr2/src/tal_rx_enable.o
                              0x1bba2 (size before relaxing)
 .debug_str     0x0001e2c3       0xc3 src/ASF/thirdparty/wireless/avr2025_mac/source/tal/atmegarfr2/src/tal_tx.o
                              0x1c051 (size before relaxing)
 .debug_str     0x0001e386      0x2c8 src/ASF/thirdparty/wireless/avr2025_mac/source/tal/src/tal_helper.o
                              0x1bcd4 (size before relaxing)
 .debug_str     0x0001e64e      0x24c src/ASF/thirdparty/wireless/avr2025_mac/source/tfa/atmegarfr2/src/tfa.o
                              0x1c0a2 (size before relaxing)
 .debug_str     0x0001e89a      0x414 src/ASF/thirdparty/wireless/services/common_hw_timer/mega/hw_timer.o
                              0x16f32 (size before relaxing)
 .debug_str     0x0001ecae      0x2f1 src/ASF/thirdparty/wireless/services/mega/drivers/tc/tc_megarf.o
                              0x16e48 (size before relaxing)
 .debug_str     0x0001ef9f       0x20 src/main.o
                              0x1b4d5 (size before relaxing)
 .debug_str     0x0001efbf      0x13b ../src/ASF/thirdparty/wireless/services/common_hw_timer/mega/lib\libmegarfr2_lib_hw_timer.a(common_hw_timer.o)
                                0x2a0 (size before relaxing)

.debug_loc      0x00000000     0x6bd6
 *(.debug_loc)
 .debug_loc     0x00000000      0xb09 src/usr_wireless.o
 .debug_loc     0x00000b09      0x5b5 src/Wireless/wireless_api.o
 .debug_loc     0x000010be      0x1f2 src/ASF/common/services/clock/mega/sysclk.o
 .debug_loc     0x000012b0      0xe18 src/ASF/thirdparty/wireless/avr2025_mac/source/pal/common_sw_timer/common_sw_timer.o
 .debug_loc     0x000020c8      0x2c3 src/ASF/thirdparty/wireless/avr2025_mac/source/pal/pal.o
 .debug_loc     0x0000238b       0xe2 src/ASF/thirdparty/wireless/avr2025_mac/source/resources/buffer/src/bmm.o
 .debug_loc     0x0000246d      0x479 src/ASF/thirdparty/wireless/avr2025_mac/source/resources/queue/src/qmm.o
 .debug_loc     0x000028e6      0x221 src/ASF/thirdparty/wireless/avr2025_mac/source/tal/atmegarfr2/src/tal.o
 .debug_loc     0x00002b07      0x432 src/ASF/thirdparty/wireless/avr2025_mac/source/tal/atmegarfr2/src/tal_init.o
 .debug_loc     0x00002f39      0x5db src/ASF/thirdparty/wireless/avr2025_mac/source/tal/atmegarfr2/src/tal_irq_handler.o
 .debug_loc     0x00003514      0x7dd src/ASF/thirdparty/wireless/avr2025_mac/source/tal/atmegarfr2/src/tal_pib.o
 .debug_loc     0x00003cf1      0x2f4 src/ASF/thirdparty/wireless/avr2025_mac/source/tal/atmegarfr2/src/tal_rx.o
 .debug_loc     0x00003fe5       0x53 src/ASF/thirdparty/wireless/avr2025_mac/source/tal/atmegarfr2/src/tal_rx_enable.o
 .debug_loc     0x00004038      0x1d7 src/ASF/thirdparty/wireless/avr2025_mac/source/tal/atmegarfr2/src/tal_tx.o
 .debug_loc     0x0000420f      0xbc0 src/ASF/thirdparty/wireless/avr2025_mac/source/tal/src/tal_helper.o
 .debug_loc     0x00004dcf      0x6e7 src/ASF/thirdparty/wireless/avr2025_mac/source/tfa/atmegarfr2/src/tfa.o
 .debug_loc     0x000054b6      0x1ec src/ASF/thirdparty/wireless/services/common_hw_timer/mega/hw_timer.o
 .debug_loc     0x000056a2     0x131a src/ASF/thirdparty/wireless/services/mega/drivers/tc/tc_megarf.o
 .debug_loc     0x000069bc       0xac src/main.o
 .debug_loc     0x00006a68      0x16e ../src/ASF/thirdparty/wireless/services/common_hw_timer/mega/lib\libmegarfr2_lib_hw_timer.a(common_hw_timer.o)

.debug_macinfo
 *(.debug_macinfo)

.debug_weaknames
 *(.debug_weaknames)

.debug_funcnames
 *(.debug_funcnames)

.debug_typenames
 *(.debug_typenames)

.debug_varnames
 *(.debug_varnames)

.debug_pubtypes
 *(.debug_pubtypes)

.debug_ranges   0x00000000      0x660
 *(.debug_ranges)
 .debug_ranges  0x00000000       0x20 src/usr_wireless.o
 .debug_ranges  0x00000020       0x30 src/Wireless/wireless_api.o
 .debug_ranges  0x00000050       0x18 src/ASF/common/boards/user_board/init.o
 .debug_ranges  0x00000068       0x20 src/ASF/common/services/clock/mega/sysclk.o
 .debug_ranges  0x00000088       0xe0 src/ASF/thirdparty/wireless/avr2025_mac/source/pal/common_sw_timer/common_sw_timer.o
 .debug_ranges  0x00000168       0x58 src/ASF/thirdparty/wireless/avr2025_mac/source/pal/pal.o
 .debug_ranges  0x000001c0       0x20 src/ASF/thirdparty/wireless/avr2025_mac/source/resources/buffer/src/bmm.o
 .debug_ranges  0x000001e0       0x50 src/ASF/thirdparty/wireless/avr2025_mac/source/resources/queue/src/qmm.o
 .debug_ranges  0x00000230       0x38 src/ASF/thirdparty/wireless/avr2025_mac/source/tal/atmegarfr2/src/tal.o
 .debug_ranges  0x00000268       0x30 src/ASF/thirdparty/wireless/avr2025_mac/source/tal/atmegarfr2/src/tal_init.o
 .debug_ranges  0x00000298       0xb8 src/ASF/thirdparty/wireless/avr2025_mac/source/tal/atmegarfr2/src/tal_irq_handler.o
 .debug_ranges  0x00000350       0x88 src/ASF/thirdparty/wireless/avr2025_mac/source/tal/atmegarfr2/src/tal_pib.o
 .debug_ranges  0x000003d8       0x20 src/ASF/thirdparty/wireless/avr2025_mac/source/tal/atmegarfr2/src/tal_rx.o
 .debug_ranges  0x000003f8       0x10 src/ASF/thirdparty/wireless/avr2025_mac/source/tal/atmegarfr2/src/tal_rx_enable.o
 .debug_ranges  0x00000408       0x30 src/ASF/thirdparty/wireless/avr2025_mac/source/tal/atmegarfr2/src/tal_tx.o
 .debug_ranges  0x00000438       0x90 src/ASF/thirdparty/wireless/avr2025_mac/source/tal/src/tal_helper.o
 .debug_ranges  0x000004c8       0x60 src/ASF/thirdparty/wireless/avr2025_mac/source/tfa/atmegarfr2/src/tfa.o
 .debug_ranges  0x00000528       0x60 src/ASF/thirdparty/wireless/services/common_hw_timer/mega/hw_timer.o
 .debug_ranges  0x00000588       0xb8 src/ASF/thirdparty/wireless/services/mega/drivers/tc/tc_megarf.o
 .debug_ranges  0x00000640       0x20 src/main.o

.debug_macro    0x00000000     0xaf9e
 *(.debug_macro)
 .debug_macro   0x00000000      0x2c7 src/usr_wireless.o
 .debug_macro   0x000002c7      0xa9c src/usr_wireless.o
 .debug_macro   0x00000d63       0x10 src/usr_wireless.o
 .debug_macro   0x00000d73      0x1c9 src/usr_wireless.o
 .debug_macro   0x00000f3c      0x2fc src/usr_wireless.o
 .debug_macro   0x00001238       0x9e src/usr_wireless.o
 .debug_macro   0x000012d6     0x37da src/usr_wireless.o
 .debug_macro   0x00004ab0      0x219 src/usr_wireless.o
 .debug_macro   0x00004cc9       0xd9 src/usr_wireless.o
 .debug_macro   0x00004da2       0x34 src/usr_wireless.o
 .debug_macro   0x00004dd6       0x18 src/usr_wireless.o
 .debug_macro   0x00004dee       0x6c src/usr_wireless.o
 .debug_macro   0x00004e5a       0x22 src/usr_wireless.o
 .debug_macro   0x00004e7c      0x16d src/usr_wireless.o
 .debug_macro   0x00004fe9       0x1c src/usr_wireless.o
 .debug_macro   0x00005005       0x35 src/usr_wireless.o
 .debug_macro   0x0000503a       0x66 src/usr_wireless.o
 .debug_macro   0x000050a0      0x71d src/usr_wireless.o
 .debug_macro   0x000057bd       0x43 src/usr_wireless.o
 .debug_macro   0x00005800       0x69 src/usr_wireless.o
 .debug_macro   0x00005869       0x31 src/usr_wireless.o
 .debug_macro   0x0000589a       0x10 src/usr_wireless.o
 .debug_macro   0x000058aa      0x175 src/usr_wireless.o
 .debug_macro   0x00005a1f       0x40 src/usr_wireless.o
 .debug_macro   0x00005a5f      0x100 src/usr_wireless.o
 .debug_macro   0x00005b5f       0x22 src/usr_wireless.o
 .debug_macro   0x00005b81       0x3a src/usr_wireless.o
 .debug_macro   0x00005bbb      0x2df src/usr_wireless.o
 .debug_macro   0x00005e9a       0xc9 src/usr_wireless.o
 .debug_macro   0x00005f63       0x28 src/usr_wireless.o
 .debug_macro   0x00005f8b       0x22 src/usr_wireless.o
 .debug_macro   0x00005fad       0x6e src/usr_wireless.o
 .debug_macro   0x0000601b       0x16 src/usr_wireless.o
 .debug_macro   0x00006031       0x1c src/usr_wireless.o
 .debug_macro   0x0000604d       0x16 src/usr_wireless.o
 .debug_macro   0x00006063       0x3a src/usr_wireless.o
 .debug_macro   0x0000609d       0x78 src/usr_wireless.o
 .debug_macro   0x00006115       0x46 src/usr_wireless.o
 .debug_macro   0x0000615b      0x7e3 src/usr_wireless.o
 .debug_macro   0x0000693e       0x28 src/usr_wireless.o
 .debug_macro   0x00006966       0x22 src/usr_wireless.o
 .debug_macro   0x00006988       0x10 src/usr_wireless.o
 .debug_macro   0x00006998      0x461 src/usr_wireless.o
 .debug_macro   0x00006df9       0x30 src/usr_wireless.o
 .debug_macro   0x00006e29       0x10 src/usr_wireless.o
 .debug_macro   0x00006e39       0x27 src/usr_wireless.o
 .debug_macro   0x00006e60       0x99 src/usr_wireless.o
 .debug_macro   0x00006ef9       0x9e src/usr_wireless.o
 .debug_macro   0x00006f97       0x16 src/usr_wireless.o
 .debug_macro   0x00006fad       0xa0 src/usr_wireless.o
 .debug_macro   0x0000704d       0x6a src/usr_wireless.o
 .debug_macro   0x000070b7      0x2c7 src/Wireless/wireless_api.o
 .debug_macro   0x0000737e      0x1b1 src/ASF/common/boards/user_board/init.o
 .debug_macro   0x0000752f      0x15b src/ASF/common/services/clock/mega/sysclk.o
 .debug_macro   0x0000768a      0x174 src/ASF/thirdparty/wireless/avr2025_mac/source/pal/common_sw_timer/common_sw_timer.o
 .debug_macro   0x000077fe       0x10 src/ASF/thirdparty/wireless/avr2025_mac/source/pal/common_sw_timer/common_sw_timer.o
 .debug_macro   0x0000780e      0x1f8 src/ASF/thirdparty/wireless/avr2025_mac/source/pal/pal.o
 .debug_macro   0x00007a06       0x28 src/ASF/thirdparty/wireless/avr2025_mac/source/pal/pal.o
 .debug_macro   0x00007a2e       0xcf src/ASF/thirdparty/wireless/avr2025_mac/source/pal/pal.o
 .debug_macro   0x00007afd      0x277 src/ASF/thirdparty/wireless/avr2025_mac/source/resources/buffer/src/bmm.o
 .debug_macro   0x00007d74      0x10e src/ASF/thirdparty/wireless/avr2025_mac/source/resources/buffer/src/bmm.o
 .debug_macro   0x00007e82      0x302 src/ASF/thirdparty/wireless/avr2025_mac/source/resources/buffer/src/bmm.o
 .debug_macro   0x00008184       0x86 src/ASF/thirdparty/wireless/avr2025_mac/source/resources/buffer/src/bmm.o
 .debug_macro   0x0000820a       0x34 src/ASF/thirdparty/wireless/avr2025_mac/source/resources/buffer/src/bmm.o
 .debug_macro   0x0000823e      0x255 src/ASF/thirdparty/wireless/avr2025_mac/source/resources/queue/src/qmm.o
 .debug_macro   0x00008493      0x7e9 src/ASF/thirdparty/wireless/avr2025_mac/source/resources/queue/src/qmm.o
 .debug_macro   0x00008c7c       0x2e src/ASF/thirdparty/wireless/avr2025_mac/source/resources/queue/src/qmm.o
 .debug_macro   0x00008caa      0x2bb src/ASF/thirdparty/wireless/avr2025_mac/source/tal/atmegarfr2/src/tal.o
 .debug_macro   0x00008f65       0x16 src/ASF/thirdparty/wireless/avr2025_mac/source/tal/atmegarfr2/src/tal.o
 .debug_macro   0x00008f7b       0x22 src/ASF/thirdparty/wireless/avr2025_mac/source/tal/atmegarfr2/src/tal.o
 .debug_macro   0x00008f9d       0x82 src/ASF/thirdparty/wireless/avr2025_mac/source/tal/atmegarfr2/src/tal.o
 .debug_macro   0x0000901f      0x14c src/ASF/thirdparty/wireless/avr2025_mac/source/tal/atmegarfr2/src/tal.o
 .debug_macro   0x0000916b      0x2c2 src/ASF/thirdparty/wireless/avr2025_mac/source/tal/atmegarfr2/src/tal_init.o
 .debug_macro   0x0000942d       0x1c src/ASF/thirdparty/wireless/avr2025_mac/source/tal/atmegarfr2/src/tal_init.o
 .debug_macro   0x00009449      0x2c3 src/ASF/thirdparty/wireless/avr2025_mac/source/tal/atmegarfr2/src/tal_irq_handler.o
 .debug_macro   0x0000970c      0x2ab src/ASF/thirdparty/wireless/avr2025_mac/source/tal/atmegarfr2/src/tal_pib.o
 .debug_macro   0x000099b7       0x97 src/ASF/thirdparty/wireless/avr2025_mac/source/tal/atmegarfr2/src/tal_pib.o
 .debug_macro   0x00009a4e       0x16 src/ASF/thirdparty/wireless/avr2025_mac/source/tal/atmegarfr2/src/tal_pib.o
 .debug_macro   0x00009a64       0xf6 src/ASF/thirdparty/wireless/avr2025_mac/source/tal/atmegarfr2/src/tal_pib.o
 .debug_macro   0x00009b5a       0x5a src/ASF/thirdparty/wireless/avr2025_mac/source/tal/atmegarfr2/src/tal_pib.o
 .debug_macro   0x00009bb4      0x2e2 src/ASF/thirdparty/wireless/avr2025_mac/source/tal/atmegarfr2/src/tal_rx.o
 .debug_macro   0x00009e96      0x2b5 src/ASF/thirdparty/wireless/avr2025_mac/source/tal/atmegarfr2/src/tal_rx_enable.o
 .debug_macro   0x0000a14b      0x2c8 src/ASF/thirdparty/wireless/avr2025_mac/source/tal/atmegarfr2/src/tal_tx.o
 .debug_macro   0x0000a413      0x286 src/ASF/thirdparty/wireless/avr2025_mac/source/tal/src/tal_helper.o
 .debug_macro   0x0000a699      0x2b9 src/ASF/thirdparty/wireless/avr2025_mac/source/tfa/atmegarfr2/src/tfa.o
 .debug_macro   0x0000a952       0x97 src/ASF/thirdparty/wireless/avr2025_mac/source/tfa/atmegarfr2/src/tfa.o
 .debug_macro   0x0000a9e9      0x190 src/ASF/thirdparty/wireless/services/common_hw_timer/mega/hw_timer.o
 .debug_macro   0x0000ab79       0x10 src/ASF/thirdparty/wireless/services/common_hw_timer/mega/hw_timer.o
 .debug_macro   0x0000ab89      0x168 src/ASF/thirdparty/wireless/services/mega/drivers/tc/tc_megarf.o
 .debug_macro   0x0000acf1      0x2ad src/main.o
OUTPUT(Intermediate_Node_2.elf elf32-avr)
LOAD linker stubs
